| test.java:5:5:5:32 | for (...;...;...) | mismatched loops |
| test.java:9:5:9:32 | for (...;...;...) | mismatched loops |
